ΓÇó Packages in scope: @autodealers/public-web
ΓÇó Running build in 1 packages
ΓÇó Remote caching disabled
@autodealers/shared:build: cache hit, replaying logs 1fd3371fb3d6e034
@autodealers/shared:build: 
@autodealers/shared:build: > @autodealers/shared@1.0.0 build
@autodealers/shared:build: > tsc
@autodealers/shared:build: 
@autodealers/core:build: cache hit, replaying logs b223256d92ab5b21
@autodealers/core:build: 
@autodealers/core:build: > @autodealers/core@1.0.0 build
@autodealers/core:build: > node -e "const fs = require('fs'); const path = require('path'); const dist = path.join(__dirname, 'dist'); try { if (fs.existsSync(dist)) { fs.rmSync(dist, {recursive: true, force: true}); } } catch(e) {} const {execSync} = require('child_process'); try { execSync('tsc --skipLibCheck --noEmitOnError false', {stdio: 'inherit'}); } catch(e) {} process.exit(0);"
@autodealers/core:build: 
@autodealers/core:build: ../ai/src/advanced-automation.ts(4,42): error TS2307: Cannot find module '@autodealers/crm' or its corresponding type declarations.
@autodealers/core:build: ../ai/src/advanced-automation.ts(5,34): error TS2307: Cannot find module '@autodealers/core' or its corresponding type declarations.
@autodealers/core:build: ../ai/src/advanced-features.ts(6,55): error TS2307: Cannot find module '@autodealers/core' or its corresponding type declarations.
@autodealers/core:build: ../ai/src/campaign-optimization.ts(4,30): error TS2307: Cannot find module '@autodealers/core' or its corresponding type declarations.
@autodealers/core:build: ../ai/src/campaign-optimization.ts(5,32): error TS2307: Cannot find module '@autodealers/crm' or its corresponding type declarations.
@autodealers/core:build: ../ai/src/competitor-analysis.ts(4,32): error TS2307: Cannot find module '@autodealers/crm' or its corresponding type declarations.
@autodealers/core:build: ../ai/src/inventory-optimization.ts(5,32): error TS2307: Cannot find module '@autodealers/crm' or its corresponding type declarations.
@autodealers/core:build: ../ai/src/performance-analysis.ts(4,32): error TS2307: Cannot find module '@autodealers/crm' or its corresponding type declarations.
@autodealers/core:build: ../ai/src/performance-analysis.ts(5,26): error TS2307: Cannot find module '@autodealers/crm' or its corresponding type declarations.
@autodealers/core:build: ../ai/src/performance-analysis.ts(7,34): error TS2307: Cannot find module '@autodealers/core' or its corresponding type declarations.
@autodealers/core:build: ../ai/src/personalization.ts(4,26): error TS2307: Cannot find module '@autodealers/crm' or its corresponding type declarations.
@autodealers/core:build: ../ai/src/predictive.ts(4,26): error TS2307: Cannot find module '@autodealers/crm' or its corresponding type declarations.
@autodealers/core:build: ../ai/src/predictive.ts(5,32): error TS2307: Cannot find module '@autodealers/crm' or its corresponding type declarations.
@autodealers/core:build: ../ai/src/roi-analysis.ts(4,30): error TS2307: Cannot find module '@autodealers/core' or its corresponding type declarations.
@autodealers/core:build: ../ai/src/roi-analysis.ts(5,31): error TS2307: Cannot find module '@autodealers/core' or its corresponding type declarations.
@autodealers/core:build: ../ai/src/roi-analysis.ts(6,32): error TS2307: Cannot find module '@autodealers/crm' or its corresponding type declarations.
@autodealers/core:build: ../ai/src/roi-analysis.ts(7,26): error TS2307: Cannot find module '@autodealers/crm' or its corresponding type declarations.
@autodealers/core:build: ../ai/src/tenant-aware.ts(6,67): error TS2307: Cannot find module '@autodealers/core' or its corresponding type declarations.
@autodealers/core:build: ../ai/src/tenant-aware.ts(72,43): error TS2307: Cannot find module '@autodealers/core' or its corresponding type declarations.
@autodealers/core:build: src/communication-sender.ts(54,13): error TS2339: Property 'getMembershipById' does not exist on type 'typeof import("C:/Users/ltorr/AutoDealers/packages/billing/dist/index")'.
@autodealers/core:build: src/feature-sync.ts(19,11): error TS2339: Property 'getMembershipById' does not exist on type 'typeof import("C:/Users/ltorr/AutoDealers/packages/billing/dist/index")'.
@autodealers/core:build: src/feature-sync.ts(83,11): error TS2339: Property 'getMembershipById' does not exist on type 'typeof import("C:/Users/ltorr/AutoDealers/packages/billing/dist/index")'.
@autodealers/core:build: src/follow-up.ts(9,26): error TS2307: Cannot find module '@autodealers/crm' or its corresponding type declarations.
@autodealers/core:build: src/follow-up.ts(178,47): error TS2307: Cannot find module '@autodealers/crm' or its corresponding type declarations.
@autodealers/core:build: src/membership-validation.ts(16,11): error TS2339: Property 'getMembershipById' does not exist on type 'typeof import("C:/Users/ltorr/AutoDealers/packages/billing/dist/index")'.
@autodealers/core:build: src/membership-validation.ts(34,24): error TS2339: Property 'hasFeature' does not exist on type 'typeof import("C:/Users/ltorr/AutoDealers/packages/billing/dist/index")'.
@autodealers/core:build: src/membership-validation.ts(55,39): error TS2339: Property 'checkLimit' does not exist on type 'typeof import("C:/Users/ltorr/AutoDealers/packages/billing/dist/index")'.
@autodealers/core:build: src/membership-validation.ts(68,36): error TS2339: Property 'checkLimit' does not exist on type 'typeof import("C:/Users/ltorr/AutoDealers/packages/billing/dist/index")'.
@autodealers/core:build: src/membership-validation.ts(78,26): error TS2339: Property 'hasFeature' does not exist on type 'typeof import("C:/Users/ltorr/AutoDealers/packages/billing/dist/index")'.
@autodealers/core:build: src/membership-validation.ts(87,26): error TS2339: Property 'hasFeature' does not exist on type 'typeof import("C:/Users/ltorr/AutoDealers/packages/billing/dist/index")'.
@autodealers/core:build: src/membership-validation.ts(96,26): error TS2339: Property 'hasFeature' does not exist on type 'typeof import("C:/Users/ltorr/AutoDealers/packages/billing/dist/index")'.
@autodealers/core:build: src/membership-validation.ts(105,26): error TS2339: Property 'hasFeature' does not exist on type 'typeof import("C:/Users/ltorr/AutoDealers/packages/billing/dist/index")'.
@autodealers/core:build: src/membership-validation.ts(114,26): error TS2339: Property 'hasFeature' does not exist on type 'typeof import("C:/Users/ltorr/AutoDealers/packages/billing/dist/index")'.
@autodealers/core:build: src/membership-validation.ts(148,36): error TS2339: Property 'hasFeature' does not exist on type 'typeof import("C:/Users/ltorr/AutoDealers/packages/billing/dist/index")'.
@autodealers/core:build: src/membership-validation.ts(149,30): error TS2339: Property 'hasFeature' does not exist on type 'typeof import("C:/Users/ltorr/AutoDealers/packages/billing/dist/index")'.
@autodealers/core:build: src/membership-validation.ts(150,39): error TS2339: Property 'hasFeature' does not exist on type 'typeof import("C:/Users/ltorr/AutoDealers/packages/billing/dist/index")'.
@autodealers/core:build: src/membership-validation.ts(151,39): error TS2339: Property 'hasFeature' does not exist on type 'typeof import("C:/Users/ltorr/AutoDealers/packages/billing/dist/index")'.
@autodealers/core:build: src/membership-validation.ts(152,36): error TS2339: Property 'hasFeature' does not exist on type 'typeof import("C:/Users/ltorr/AutoDealers/packages/billing/dist/index")'.
@autodealers/core:build: src/promotions.ts(213,37): error TS2307: Cannot find module '@autodealers/crm' or its corresponding type declarations.
@autodealers/core:build: src/scheduler.ts(3,57): error TS2307: Cannot find module '@autodealers/crm' or its corresponding type declarations.
@autodealers/core:build: src/scheduler.ts(180,49): error TS2307: Cannot find module '@autodealers/crm' or its corresponding type declarations.
@autodealers/core:build: src/scheduler.ts(256,37): error TS2307: Cannot find module '@autodealers/crm' or its corresponding type declarations.
@autodealers/core:build: src/scheduler.ts(369,53): error TS2307: Cannot find module '@autodealers/crm' or its corresponding type declarations.
@autodealers/core:build: src/stripe-helper.ts(40,11): error TS2339: Property 'StripeService' does not exist on type 'typeof import("C:/Users/ltorr/AutoDealers/packages/billing/dist/index")'.
@autodealers/core:build: ../messaging/src/unified.ts(50,46): error TS2307: Cannot find module '@autodealers/crm' or its corresponding type declarations.
@autodealers/inventory:build: cache hit, replaying logs 7ef70026e1a4dcca
@autodealers/inventory:build: 
@autodealers/inventory:build: > @autodealers/inventory@1.0.0 build
@autodealers/inventory:build: > tsc
@autodealers/inventory:build: 
@autodealers/billing:build: cache hit, replaying logs 5ce4e8eed0744437
@autodealers/billing:build: 
@autodealers/billing:build: > @autodealers/billing@1.0.0 build
@autodealers/billing:build: > node -e "const {execSync} = require('child_process'); try { execSync('tsc --skipLibCheck --noEmitOnError false', {stdio: 'inherit'}); } catch(e) {} process.exit(0);"
@autodealers/billing:build: 
@autodealers/crm:build: cache hit, replaying logs 16c7fac62f71b7b4
@autodealers/crm:build: 
@autodealers/crm:build: > @autodealers/crm@1.0.0 build
@autodealers/crm:build: > node build.js
@autodealers/crm:build: 
@autodealers/public-web:build: cache miss, executing f6c10063cf649d3e
@autodealers/public-web:build: 
@autodealers/public-web:build: > @autodealers/public-web@1.0.0 build
@autodealers/public-web:build: > next build --webpack
@autodealers/public-web:build: 
@autodealers/public-web:build: Γû▓ Next.js 16.1.6 (webpack)
@autodealers/public-web:build: - Environments: .env.local
@autodealers/public-web:build: 
@autodealers/public-web:build: ΓÜá The "middleware" file convention is deprecated. Please use "proxy" instead. Learn more: https://nextjs.org/docs/messages/middleware-to-proxy
@autodealers/public-web:build:   Creating an optimized production build ...
@autodealers/public-web:build: Failed to compile.
@autodealers/public-web:build: 
@autodealers/public-web:build: ../../node_modules/farmhash-modern/bin/bundler/farmhash_modern_bg.wasm
@autodealers/public-web:build: Module parse failed: Unexpected character ' ' (1:0)
@autodealers/public-web:build: The module seem to be a WebAssembly module, but module is not flagged as WebAssembly module for webpack.
@autodealers/public-web:build: BREAKING CHANGE: Since webpack 5 WebAssembly is not enabled by default and flagged as experimental feature.
@autodealers/public-web:build: You need to enable one of the WebAssembly experiments via 'experiments.asyncWebAssembly: true' (based on async modules) or 'experiments.syncWebAssembly: true' (like webpack 4, deprecated).
@autodealers/public-web:build: For files that transpile to WebAssembly, make sure to set the module type in the 'module.rules' section of the config (e. g. 'type: "webassembly/async"').
@autodealers/public-web:build: (Source code omitted for this binary file)
@autodealers/public-web:build: 
@autodealers/public-web:build: Import trace for requested module:
@autodealers/public-web:build: ../../node_modules/farmhash-modern/bin/bundler/farmhash_modern_bg.wasm
@autodealers/public-web:build: ../../node_modules/farmhash-modern/bin/bundler/farmhash_modern.js
@autodealers/public-web:build: ../../node_modules/farmhash-modern/lib/browser.js
@autodealers/public-web:build: ../../node_modules/firebase-admin/lib/remote-config/condition-evaluator-internal.js
@autodealers/public-web:build: ../../node_modules/firebase-admin/lib/remote-config/remote-config.js
@autodealers/public-web:build: ../../node_modules/firebase-admin/lib/app/firebase-namespace.js
@autodealers/public-web:build: ../../node_modules/firebase-admin/lib/default-namespace.js
@autodealers/public-web:build: ../../node_modules/firebase-admin/lib/index.js
@autodealers/public-web:build: ../../packages/shared/src/firebase.ts
@autodealers/public-web:build: ../../packages/shared/src/index.ts
@autodealers/public-web:build: ./src/app/registro/page.tsx
@autodealers/public-web:build: 
@autodealers/public-web:build: ../../node_modules/firebase-admin/lib/utils/api-request.js
@autodealers/public-web:build: Module not found: Can't resolve 'http2'
@autodealers/public-web:build: 
@autodealers/public-web:build: https://nextjs.org/docs/messages/module-not-found
@autodealers/public-web:build: 
@autodealers/public-web:build: Import trace for requested module:
@autodealers/public-web:build: ../../node_modules/firebase-admin/lib/messaging/messaging.js
@autodealers/public-web:build: ../../node_modules/firebase-admin/lib/app/firebase-namespace.js
@autodealers/public-web:build: ../../node_modules/firebase-admin/lib/default-namespace.js
@autodealers/public-web:build: ../../node_modules/firebase-admin/lib/index.js
@autodealers/public-web:build: ../../packages/shared/src/firebase.ts
@autodealers/public-web:build: ../../packages/shared/src/index.ts
@autodealers/public-web:build: ./src/app/registro/page.tsx
@autodealers/public-web:build: 
@autodealers/public-web:build: node:events
@autodealers/public-web:build: Module build failed: UnhandledSchemeError: Reading from "node:events" is not handled by plugins (Unhandled scheme).
@autodealers/public-web:build: Webpack supports "data:" and "file:" URIs by default.
@autodealers/public-web:build: You may need an additional plugin to handle "node:" URIs.
@autodealers/public-web:build:     at C:\Users\ltorr\AutoDealers\node_modules\next\dist\compiled\webpack\bundle5.js:29:408361
@autodealers/public-web:build:     at Hook.eval [as callAsync] (eval at create (C:\Users\ltorr\AutoDealers\node_modules\next\dist\compiled\webpack\bundle5.js:14:9224), <anonymous>:6:1)
@autodealers/public-web:build:     at Object.processResource (C:\Users\ltorr\AutoDealers\node_modules\next\dist\compiled\webpack\bundle5.js:29:408286)
@autodealers/public-web:build:     at processResource (C:\Users\ltorr\AutoDealers\node_modules\next\dist\compiled\loader-runner\LoaderRunner.js:1:5308)
@autodealers/public-web:build:     at iteratePitchingLoaders (C:\Users\ltorr\AutoDealers\node_modules\next\dist\compiled\loader-runner\LoaderRunner.js:1:4667)
@autodealers/public-web:build:     at runLoaders (C:\Users\ltorr\AutoDealers\node_modules\next\dist\compiled\loader-runner\LoaderRunner.js:1:8590)
@autodealers/public-web:build:     at NormalModule._doBuild (C:\Users\ltorr\AutoDealers\node_modules\next\dist\compiled\webpack\bundle5.js:29:408148)
@autodealers/public-web:build:     at NormalModule.build (C:\Users\ltorr\AutoDealers\node_modules\next\dist\compiled\webpack\bundle5.js:29:410161)
@autodealers/public-web:build:     at C:\Users\ltorr\AutoDealers\node_modules\next\dist\compiled\webpack\bundle5.js:29:82482
@autodealers/public-web:build:     at NormalModule.needBuild (C:\Users\ltorr\AutoDealers\node_modules\next\dist\compiled\webpack\bundle5.js:29:414145)
@autodealers/public-web:build: 
@autodealers/public-web:build: Import trace for requested module:
@autodealers/public-web:build: node:events
@autodealers/public-web:build: ../../node_modules/@fastify/busboy/deps/streamsearch/sbmh.js
@autodealers/public-web:build: ../../node_modules/@fastify/busboy/deps/dicer/lib/Dicer.js
@autodealers/public-web:build: ../../node_modules/@fastify/busboy/lib/main.js
@autodealers/public-web:build: ../../node_modules/firebase-admin/lib/utils/api-request.js
@autodealers/public-web:build: ../../node_modules/firebase-admin/lib/messaging/messaging.js
@autodealers/public-web:build: ../../node_modules/firebase-admin/lib/app/firebase-namespace.js
@autodealers/public-web:build: ../../node_modules/firebase-admin/lib/default-namespace.js
@autodealers/public-web:build: ../../node_modules/firebase-admin/lib/index.js
@autodealers/public-web:build: ../../packages/shared/src/firebase.ts
@autodealers/public-web:build: ../../packages/shared/src/index.ts
@autodealers/public-web:build: ./src/app/registro/page.tsx
@autodealers/public-web:build: 
@autodealers/public-web:build: node:process
@autodealers/public-web:build: Module build failed: UnhandledSchemeError: Reading from "node:process" is not handled by plugins (Unhandled scheme).
@autodealers/public-web:build: Webpack supports "data:" and "file:" URIs by default.
@autodealers/public-web:build: You may need an additional plugin to handle "node:" URIs.
@autodealers/public-web:build:     at C:\Users\ltorr\AutoDealers\node_modules\next\dist\compiled\webpack\bundle5.js:29:408361
@autodealers/public-web:build:     at Hook.eval [as callAsync] (eval at create (C:\Users\ltorr\AutoDealers\node_modules\next\dist\compiled\webpack\bundle5.js:14:9224), <anonymous>:6:1)
@autodealers/public-web:build:     at Object.processResource (C:\Users\ltorr\AutoDealers\node_modules\next\dist\compiled\webpack\bundle5.js:29:408286)
@autodealers/public-web:build:     at processResource (C:\Users\ltorr\AutoDealers\node_modules\next\dist\compiled\loader-runner\LoaderRunner.js:1:5308)
@autodealers/public-web:build:     at iteratePitchingLoaders (C:\Users\ltorr\AutoDealers\node_modules\next\dist\compiled\loader-runner\LoaderRunner.js:1:4667)
@autodealers/public-web:build:     at runLoaders (C:\Users\ltorr\AutoDealers\node_modules\next\dist\compiled\loader-runner\LoaderRunner.js:1:8590)
@autodealers/public-web:build:     at NormalModule._doBuild (C:\Users\ltorr\AutoDealers\node_modules\next\dist\compiled\webpack\bundle5.js:29:408148)
@autodealers/public-web:build:     at NormalModule.build (C:\Users\ltorr\AutoDealers\node_modules\next\dist\compiled\webpack\bundle5.js:29:410161)
@autodealers/public-web:build:     at C:\Users\ltorr\AutoDealers\node_modules\next\dist\compiled\webpack\bundle5.js:29:82482
@autodealers/public-web:build:     at NormalModule.needBuild (C:\Users\ltorr\AutoDealers\node_modules\next\dist\compiled\webpack\bundle5.js:29:414145)
@autodealers/public-web:build: 
@autodealers/public-web:build: Import trace for requested module:
@autodealers/public-web:build: node:process
@autodealers/public-web:build: ../../node_modules/google-logging-utils/build/src/logging-utils.js
@autodealers/public-web:build: ../../node_modules/google-logging-utils/build/src/index.js
@autodealers/public-web:build: ../../node_modules/gcp-metadata/build/src/index.js
@autodealers/public-web:build: ../../node_modules/google-auth-library/build/src/index.js
@autodealers/public-web:build: ../../node_modules/@google-cloud/storage/build/cjs/src/storage.js
@autodealers/public-web:build: ../../node_modules/@google-cloud/storage/build/cjs/src/index.js
@autodealers/public-web:build: ../../node_modules/firebase-admin/lib/storage/storage.js
@autodealers/public-web:build: ../../node_modules/firebase-admin/lib/app/firebase-namespace.js
@autodealers/public-web:build: ../../node_modules/firebase-admin/lib/default-namespace.js
@autodealers/public-web:build: ../../node_modules/firebase-admin/lib/index.js
@autodealers/public-web:build: ../../packages/shared/src/firebase.ts
@autodealers/public-web:build: ../../packages/shared/src/index.ts
@autodealers/public-web:build: ./src/app/registro/page.tsx
@autodealers/public-web:build: 
@autodealers/public-web:build: node:stream
@autodealers/public-web:build: Module build failed: UnhandledSchemeError: Reading from "node:stream" is not handled by plugins (Unhandled scheme).
@autodealers/public-web:build: Webpack supports "data:" and "file:" URIs by default.
@autodealers/public-web:build: You may need an additional plugin to handle "node:" URIs.
@autodealers/public-web:build:     at C:\Users\ltorr\AutoDealers\node_modules\next\dist\compiled\webpack\bundle5.js:29:408361
@autodealers/public-web:build:     at Hook.eval [as callAsync] (eval at create (C:\Users\ltorr\AutoDealers\node_modules\next\dist\compiled\webpack\bundle5.js:14:9224), <anonymous>:6:1)
@autodealers/public-web:build:     at Hook.CALL_ASYNC_DELEGATE [as _callAsync] (C:\Users\ltorr\AutoDealers\node_modules\next\dist\compiled\webpack\bundle5.js:14:6378)
@autodealers/public-web:build:     at Object.processResource (C:\Users\ltorr\AutoDealers\node_modules\next\dist\compiled\webpack\bundle5.js:29:408286)
@autodealers/public-web:build:     at processResource (C:\Users\ltorr\AutoDealers\node_modules\next\dist\compiled\loader-runner\LoaderRunner.js:1:5308)
@autodealers/public-web:build:     at iteratePitchingLoaders (C:\Users\ltorr\AutoDealers\node_modules\next\dist\compiled\loader-runner\LoaderRunner.js:1:4667)
@autodealers/public-web:build:     at runLoaders (C:\Users\ltorr\AutoDealers\node_modules\next\dist\compiled\loader-runner\LoaderRunner.js:1:8590)
@autodealers/public-web:build:     at NormalModule._doBuild (C:\Users\ltorr\AutoDealers\node_modules\next\dist\compiled\webpack\bundle5.js:29:408148)
@autodealers/public-web:build:     at NormalModule.build (C:\Users\ltorr\AutoDealers\node_modules\next\dist\compiled\webpack\bundle5.js:29:410161)
@autodealers/public-web:build:     at C:\Users\ltorr\AutoDealers\node_modules\next\dist\compiled\webpack\bundle5.js:29:82482
@autodealers/public-web:build: 
@autodealers/public-web:build: Import trace for requested module:
@autodealers/public-web:build: node:stream
@autodealers/public-web:build: ../../node_modules/@fastify/busboy/lib/main.js
@autodealers/public-web:build: ../../node_modules/firebase-admin/lib/utils/api-request.js
@autodealers/public-web:build: ../../node_modules/firebase-admin/lib/messaging/messaging.js
@autodealers/public-web:build: ../../node_modules/firebase-admin/lib/app/firebase-namespace.js
@autodealers/public-web:build: ../../node_modules/firebase-admin/lib/default-namespace.js
@autodealers/public-web:build: ../../node_modules/firebase-admin/lib/index.js
@autodealers/public-web:build: ../../packages/shared/src/firebase.ts
@autodealers/public-web:build: ../../packages/shared/src/index.ts
@autodealers/public-web:build: ./src/app/registro/page.tsx
@autodealers/public-web:build: 
@autodealers/public-web:build: 
@autodealers/public-web:build: > Build failed because of webpack errors
@autodealers/public-web:build: npm error Lifecycle script `build` failed with error:
@autodealers/public-web:build: npm error code 1
@autodealers/public-web:build: npm error path C:\Users\ltorr\AutoDealers\apps\public-web
@autodealers/public-web:build: npm error workspace @autodealers/public-web@1.0.0
@autodealers/public-web:build: npm error location C:\Users\ltorr\AutoDealers\apps\public-web
@autodealers/public-web:build: npm error command failed
@autodealers/public-web:build: npm error command C:\windows\system32\cmd.exe /d /s /c next build --webpack
node.exe : @autodealers/publi
c-web:build: ERROR: command 
finished with error: command 
(C:\Users\ltorr\AutoDealers\a
pps\public-web) C:\Program 
Files\nodejs\npm.cmd run 
build exited (1)
At line:1 char:1
+ & "C:\Program 
Files\nodejs/node.exe" 
"C:\Program 
Files\nodejs/node_mo ...
+ ~~~~~~~~~~~~~~~~~~~~~~~~~~~
~~~~~~~~~~~~~~~~~~~~~~~~~~~~~
~~~~~~~~~~~~~
    + CategoryInfo           
   : NotSpecified: (@autode  
  alers/pu...uild exited (   
 1):String) [], RemoteExc    
eption
    + FullyQualifiedErrorId  
   : NativeCommandError
 
@autodealers/public-web#build
: command (C:\Users\ltorr\Aut
oDealers\apps\public-web) 
C:\Program 
Files\nodejs\npm.cmd run 
build exited (1)

 Tasks:    5 successful, 6 total
Cached:    5 cached, 6 total
  Time:    28.904s 
Failed:    @autodealers/public-web#build

 ERROR  run failed: command  
exited (1)
